On branch main
Your branch is up to date with 'origin/main'.

nothing to commit, working tree clean
Everything up-to-date
[main 9b14ab5] Auto-backup: 2026-04-27 09:20:18
 1 file changed, 0 insertions(+), 0 deletions(-)
ssh: Could not resolve hostname github.com: Temporary failure in name resolution
fatal: Could not read from remote repository.

Please make sure you have the correct access rights
and the repository exists.
[main 760b8db] Auto-backup: 2026-04-27 23:00:17
 1 file changed, 0 insertions(+), 0 deletions(-)
ssh: Could not resolve hostname github.com: Temporary failure in name resolution
fatal: Could not read from remote repository.

Please make sure you have the correct access rights
and the repository exists.
On branch main
Your branch is up to date with 'origin/main'.

nothing to commit, working tree clean
Everything up-to-date
Successfully pushed to GitHub.
[main 5a152b5] Auto-backup: 2026-04-29 11:00:00
 1 file changed, 0 insertions(+), 0 deletions(-)
To github.com:Ashishdevpandey/Memos-Backup.git
   760b8db..5a152b5  main -> main
Successfully pushed to GitHub.
[main 73deb5e] Auto-backup: 2026-05-04 00:00:00
 1 file changed, 0 insertions(+), 0 deletions(-)
To github.com:Ashishdevpandey/Memos-Backup.git
   5a152b5..73deb5e  main -> main
[2026-05-04 00:00:00] Successfully pushed to GitHub.
[2026-05-11 09:17:36] No changes in database. Skipping backup.
[2026-05-18 09:09:12] No changes in database. Skipping backup.
[2026-05-25 09:11:20] No changes in database. Skipping backup.
